[brighter.techcraze.co.in/index.html]
[backblue.gif]
[fade.gif]
[index.html]
[brighter.techcraze.co.in/wp-content/plugins/wp-pagebuilder/assets/css/jquery-ui35d0.css]
[brighter.techcraze.co.in/feed/index.html]
[brighter.techcraze.co.in/wp-content/plugins/wp-pagebuilder/assets/css/animate.mindc98.css]
[brighter.techcraze.co.in/comments/feed/index.html]
[brighter.techcraze.co.in/wp-content/plugins/wp-pagebuilder/assets/css/font-awesome-5.mindc98.css]
[brighter.techcraze.co.in/wp-content/plugins/wp-pagebuilder/assets/css/wppb-fontsdc98.css]
[brighter.techcraze.co.in/wp-content/plugins/wp-pagebuilder/assets/css/wppb-addonsdc98.css]
[brighter.techcraze.co.in/wp-content/plugins/wp-pagebuilder/assets/css/wppb-maindc98.css]
[brighter.techcraze.co.in/wp-content/uploads/2021/05/neonbrand-zFSo6bnZJTw-unsplash-1.jpg]
[brighter.techcraze.co.in/wp-includes/css/dist/block-library/style.min271b.css]
[brighter.techcraze.co.in/wp-content/plugins/woocommerce/packages/woocommerce-blocks/build/wc-blocks-vendors-stylee63c.css]
[brighter.techcraze.co.in/wp-content/plugins/woocommerce/packages/woocommerce-blocks/build/wc-blocks-stylee63c.css]
[brighter.techcraze.co.in/wp-content/plugins/tutor/assets/icons/css/tutor-iconc801.css]
[brighter.techcraze.co.in/wp-content/plugins/tutor/assets/packages/plyr/plyrc801.css]
[brighter.techcraze.co.in/wp-content/plugins/tutor/assets/css/tutor-front.minc801.css]
[brighter.techcraze.co.in/wp-content/plugins/woocommerce/assets/css/woocommerce-layout6a4d.css]
[brighter.techcraze.co.in/wp-content/plugins/woocommerce/assets/css/woocommerce-smallscreen6a4d.css]
[brighter.techcraze.co.in/wp-content/plugins/woocommerce/assets/css/woocommerce6a4d.css]
[brighter.techcraze.co.in/wp-includes/css/buttons.min271b.css]
[brighter.techcraze.co.in/wp-includes/css/dashicons.min271b.css]
[brighter.techcraze.co.in/wp-includes/js/mediaelement/mediaelementplayer-legacy.min08e1.css]
[brighter.techcraze.co.in/wp-includes/js/mediaelement/wp-mediaelement.min271b.css]
[brighter.techcraze.co.in/wp-includes/css/media-views.min271b.css]
[brighter.techcraze.co.in/wp-includes/js/imgareaselect/imgareaselect3bf4.css]
[brighter.techcraze.co.in/wp-content/themes/docent/css/bootstrap.mindc98.css]
[brighter.techcraze.co.in/wp-content/themes/docent/css/woocommercedc98.css]
[brighter.techcraze.co.in/wp-content/themes/docent/css/fontawesome.mindc98.css]
[brighter.techcraze.co.in/wp-content/themes/docent/css/maindc98.css]
[brighter.techcraze.co.in/wp-content/themes/docent/css/responsivedc98.css]
[brighter.techcraze.co.in/wp-content/themes/docent/style271b.css]
[brighter.techcraze.co.in/wp-content/plugins/wp-pagebuilder/addons/posts/assets/css/posts-addon271b.css]
[brighter.techcraze.co.in/wp-content/themes/docent/index.html]
[brighter.techcraze.co.in/wp-content/plugins/wp-pagebuilder/assets/css/magnific-popupdc98.css]
[brighter.techcraze.co.in/wp-content/plugins/team-members/inc/css/tmm_style271b.css]
[brighter.techcraze.co.in/wp-includes/js/jquery/jquery.minaf6c.js]
[brighter.techcraze.co.in/wp-includes/js/jquery/jquery-migrate.mind617.js]
[brighter.techcraze.co.in/wp-includes/js/utils.min271b.js]
[brighter.techcraze.co.in/wp-includes/js/plupload/moxie.mine34c.js]
[brighter.techcraze.co.in/wp-includes/js/plupload/plupload.min6c17.js]
[brighter.techcraze.co.in/wp-json/wp/v2/pages/27.json]
[brighter.techcraze.co.in/wp-json/index.html]
[brighter.techcraze.co.in/xmlrpc.260db0.delayed]
[brighter.techcraze.co.in/wp-includes/wlwmanifest.xml]
[brighter.techcraze.co.in/wp-json/oembed/1.0/embedd936.json]
[brighter.techcraze.co.in/wp-json/oembed/1.0/embed47e9]
[brighter.techcraze.co.in/wp-content/uploads/2021/05/cropped-cropped-brighter-skills-heading-32x32.png]
[brighter.techcraze.co.in/wp-content/uploads/2021/05/cropped-cropped-brighter-skills-heading-192x192.png]
[brighter.techcraze.co.in/wp-content/uploads/2021/05/cropped-cropped-brighter-skills-heading-180x180.png]
[brighter.techcraze.co.in/wp-content/uploads/2021/05/cropped-brighter-skills-heading.png]
[brighter.techcraze.co.in/courses]
[brighter.techcraze.co.in/wp-content/uploads/2021/07/Untitled-design-1.png]
[brighter.techcraze.co.in/courses/index.html]
[brighter.techcraze.co.in/dashboard/index.html]
[brighter.techcraze.co.in/instructor-registration/index.html]
[brighter.techcraze.co.in/student-registration/index.html]
[brighter.techcraze.co.in/about-us/index.html]
[brighter.techcraze.co.in/profile/aimers]
[brighter.techcraze.co.in/privacy-policy/index.html]
[brighter.techcraze.co.in/refund-policy/index.html]
[brighter.techcraze.co.in/terms-of-service/index.html]
[brighter.techcraze.co.in/blog/index.html]
[brighter.techcraze.co.in/courses/international-mba-the-business-humanities-science-and-ethics-university-usa-bhseu/index.html]
[brighter.techcraze.co.in/profile/aimers/index.html]
[brighter.techcraze.co.in/wp-content/uploads/2021/05/ielts-150x150.jpg]
[brighter.techcraze.co.in/wp-content/uploads/2021/06/mondly1.jpg]
[brighter.techcraze.co.in/wp-content/uploads/2021/06/giim-registration-e1624639245569.png]
[brighter.techcraze.co.in/index8ff5.html]
[brighter.techcraze.co.in/wp-content/uploads/2021/05/ielts-1.png]
[brighter.techcraze.co.in/courses/mondly/index.html]
[builder.themeum.com/wp-content/uploads/2018/07/content-3-img-1.png]
[brighter.techcraze.co.in/index2cda.html]
[brighter.techcraze.co.in/courses/giim-usa-courses/index.html]
[brighter.techcraze.co.in/wp-content/uploads/2021/05/testimonial1-1.png]
[brighter.techcraze.co.in/course-category/education-exclusive-aim-educaiton/index.html]
[brighter.techcraze.co.in/index274e.html]
[brighter.techcraze.co.in/wp-content/uploads/2021/05/testimonial2-1.png]
[brighter.techcraze.co.in/wp-content/uploads/2021/05/testimonial3-1.png]
[brighter.techcraze.co.in/index6f32.html]
[brighter.techcraze.co.in/wp-content/uploads/2021/05/course1-1-1.jpg]
[brighter.techcraze.co.in/courses/ielts/index.html]
[brighter.techcraze.co.in/wp-content/uploads/2021/05/course3-1.jpg]
[brighter.techcraze.co.in/wp-content/uploads/2021/05/course4-1.jpg]
[brighter.techcraze.co.in/wp-content/uploads/woocommerce-placeholder.png]
[brighter.techcraze.co.in/product/mba/index.html]
[brighter.techcraze.co.in/product/mondly-language-learning/index.html]
[brighter.techcraze.co.in/dashboard/retrieve-password]
[brighter.techcraze.co.in/product/ielts-coaching/index.html]
[brighter.techcraze.co.in/wp-includes/js/quicktags.min271b.js]
[brighter.techcraze.co.in/dashboard/retrieve-password/index.html]
[brighter.techcraze.co.in/student-registration/index6fc5.html]
[brighter.techcraze.co.in/wp-includes/js/jquery/ui/core.min1dd9.js]
[brighter.techcraze.co.in/wp-includes/js/jquery/ui/mouse.min1dd9.js]
[brighter.techcraze.co.in/wp-includes/js/jquery/ui/sortable.min1dd9.js]
[brighter.techcraze.co.in/wp-content/plugins/tutor/assets/packages/plyr/plyr.polyfilled.minc801.js]
[brighter.techcraze.co.in/wp-content/plugins/tutor/assets/packages/SocialShare/SocialShare.minc801.js]
[brighter.techcraze.co.in/wp-includes/js/dist/vendor/regenerator-runtime.min3937.js]
[brighter.techcraze.co.in/wp-includes/js/dist/vendor/wp-polyfill.min2c7c.js]
[brighter.techcraze.co.in/wp-includes/js/dist/hooks.min8cbb.js]
[brighter.techcraze.co.in/wp-includes/js/dist/i18n.mina28b.js]
[brighter.techcraze.co.in/wp-content/plugins/tutor/assets/js/tutorc801.js]
[brighter.techcraze.co.in/wp-content/plugins/tutor/assets/js/tutor-frontc801.js]
[brighter.techcraze.co.in/wp-includes/js/jquery/ui/datepicker.min1dd9.js]
[brighter.techcraze.co.in/wp-content/plugins/woocommerce/assets/js/jquery-blockui/jquery.blockUI.minf939.js]
[brighter.techcraze.co.in/wp-content/plugins/woocommerce/assets/js/frontend/add-to-cart.min6a4d.js]
[brighter.techcraze.co.in/wp-content/plugins/woocommerce/assets/js/js-cookie/js.cookie.min1610.js]
[brighter.techcraze.co.in/wp-content/plugins/woocommerce/assets/js/frontend/woocommerce.min6a4d.js]
[brighter.techcraze.co.in/wp-content/plugins/woocommerce/assets/js/frontend/cart-fragments.min6a4d.js]
[brighter.techcraze.co.in/wp-content/plugins/mailchimp-for-woocommerce/public/js/mailchimp-woocommerce-public.min21bb.js]
[brighter.techcraze.co.in/wp-includes/js/underscore.min0028.js]
[brighter.techcraze.co.in/wp-includes/js/shortcode.min271b.js]
[brighter.techcraze.co.in/wp-includes/js/backbone.min2fca.js]
[brighter.techcraze.co.in/wp-includes/js/wp-util.min271b.js]
[brighter.techcraze.co.in/wp-includes/js/wp-backbone.min271b.js]
[brighter.techcraze.co.in/wp-includes/js/media-models.min271b.js]
[brighter.techcraze.co.in/wp-includes/js/plupload/wp-plupload.min271b.js]
[brighter.techcraze.co.in/wp-includes/js/mediaelement/mediaelement-and-player.min08e1.js]
[brighter.techcraze.co.in/wp-includes/js/mediaelement/mediaelement-migrate.min271b.js]
[brighter.techcraze.co.in/wp-includes/js/mediaelement/wp-mediaelement.min271b.js]
[brighter.techcraze.co.in/wp-includes/js/api-request.min271b.js]
[brighter.techcraze.co.in/wp-includes/js/dist/dom-ready.min9b8e.js]
[brighter.techcraze.co.in/wp-includes/js/dist/a11y.minef62.js]
[brighter.techcraze.co.in/wp-includes/js/clipboard.min271b.js]
[brighter.techcraze.co.in/wp-includes/js/media-views.min271b.js]
[brighter.techcraze.co.in/wp-includes/js/media-editor.min271b.js]
[brighter.techcraze.co.in/wp-includes/js/media-audiovideo.min271b.js]
[brighter.techcraze.co.in/wp-content/themes/docent/js/bootstrap.min271b.js]
[brighter.techcraze.co.in/wp-content/themes/docent/js/main271b.js]
[brighter.techcraze.co.in/wp-includes/js/comment-reply.min271b.js]
[brighter.techcraze.co.in/wp-content/plugins/wp-pagebuilder/assets/js/main271b.js]
[brighter.techcraze.co.in/wp-content/plugins/wp-pagebuilder/addons/posts/assets/js/posts-addon271b.js]
[brighter.techcraze.co.in/wp-content/plugins/wp-pagebuilder/addons/form/assets/js/main271b.js]
[brighter.techcraze.co.in/wp-content/plugins/wp-pagebuilder/assets/js/jquery.magnific-popup.min271b.js]
[brighter.techcraze.co.in/index.html]
[brighter.techcraze.co.in/wp-content/plugins/wp-pagebuilder/assets/css/images/ui-icons_444444_256x240.png]
[brighter.techcraze.co.in/wp-content/plugins/wp-pagebuilder/assets/css/images/ui-icons_555555_256x240.png]
[brighter.techcraze.co.in/wp-content/plugins/wp-pagebuilder/assets/css/images/ui-icons_ffffff_256x240.png]
[brighter.techcraze.co.in/wp-content/plugins/wp-pagebuilder/assets/css/images/ui-icons_777620_256x240.png]
[brighter.techcraze.co.in/wp-content/plugins/wp-pagebuilder/assets/css/images/ui-icons_cc0000_256x240.png]
[brighter.techcraze.co.in/wp-content/plugins/wp-pagebuilder/assets/css/images/ui-icons_777777_256x240.png]
[brighter.techcraze.co.in/wp-content/plugins/wp-pagebuilder/assets/css/jquery-ui35d0.css]
[brighter.techcraze.co.in/wp-content/plugins/wp-pagebuilder/assets/css/animate.mindc98.css]
[brighter.techcraze.co.in/wp-content/plugins/wp-pagebuilder/assets/fonts/fa-brands-400.eot]
[brighter.techcraze.co.in/wp-content/plugins/wp-pagebuilder/assets/fonts/fa-brands-400.woff2]
[brighter.techcraze.co.in/wp-content/plugins/wp-pagebuilder/assets/fonts/fa-brands-400d41d.eot]
[brighter.techcraze.co.in/wp-content/plugins/wp-pagebuilder/assets/fonts/fa-brands-400.woff]
[brighter.techcraze.co.in/wp-content/plugins/wp-pagebuilder/assets/fonts/fa-brands-400.ttf]
[brighter.techcraze.co.in/wp-content/plugins/wp-pagebuilder/assets/fonts/fa-regular-400.eot]
[brighter.techcraze.co.in/wp-content/plugins/wp-pagebuilder/assets/fonts/fa-regular-400d41d.eot]
[brighter.techcraze.co.in/wp-content/plugins/wp-pagebuilder/assets/fonts/fa-brands-400.svg]
[brighter.techcraze.co.in/wp-content/plugins/wp-pagebuilder/assets/fonts/fa-regular-400.woff2]
[brighter.techcraze.co.in/wp-content/plugins/wp-pagebuilder/assets/fonts/fa-regular-400.woff]
[brighter.techcraze.co.in/wp-content/plugins/wp-pagebuilder/assets/fonts/fa-regular-400.ttf]
[brighter.techcraze.co.in/wp-content/plugins/wp-pagebuilder/assets/fonts/fa-regular-400.svg]
[brighter.techcraze.co.in/wp-content/plugins/wp-pagebuilder/assets/fonts/fa-solid-900.eot]
[brighter.techcraze.co.in/wp-content/plugins/wp-pagebuilder/assets/fonts/fa-solid-900.woff2]
[brighter.techcraze.co.in/wp-content/plugins/wp-pagebuilder/assets/fonts/fa-solid-900d41d.eot]
[brighter.techcraze.co.in/wp-content/plugins/wp-pagebuilder/assets/fonts/fa-solid-900.woff]
[brighter.techcraze.co.in/wp-content/plugins/wp-pagebuilder/assets/fonts/fa-solid-900.ttf]
[brighter.techcraze.co.in/wp-content/plugins/wp-pagebuilder/assets/css/font-awesome-5.mindc98.css]
[brighter.techcraze.co.in/wp-content/plugins/wp-pagebuilder/assets/fonts/WPPageBuilder5b9b.ttf]
[brighter.techcraze.co.in/wp-content/plugins/wp-pagebuilder/assets/fonts/fa-solid-900.svg]
[brighter.techcraze.co.in/wp-content/plugins/wp-pagebuilder/assets/fonts/WPPageBuilder5b9b.woff]
[brighter.techcraze.co.in/wp-content/plugins/wp-pagebuilder/assets/css/wppb-fontsdc98.css]
[brighter.techcraze.co.in/wp-content/plugins/wp-pagebuilder/assets/css/wppb-addonsdc98.css]
[brighter.techcraze.co.in/wp-content/plugins/wp-pagebuilder/assets/css/wppb-maindc98.css]
[brighter.techcraze.co.in/wp-includes/css/dist/block-library/style.min271b.css]
[brighter.techcraze.co.in/wp-content/plugins/woocommerce/packages/woocommerce-blocks/build/wc-blocks-vendors-stylee63c.css]
[brighter.techcraze.co.in/wp-content/plugins/woocommerce/packages/woocommerce-blocks/build/wc-blocks-stylee63c.css]
[brighter.techcraze.co.in/wp-content/plugins/wp-pagebuilder/assets/fonts/WPPageBuilder5b9b.svg]
[brighter.techcraze.co.in/wp-content/plugins/tutor/assets/icons/font/tutor2eff.ttf]
[brighter.techcraze.co.in/wp-content/plugins/tutor/assets/icons/font/tutor2eff.woff]
[brighter.techcraze.co.in/wp-content/plugins/tutor/assets/icons/css/tutor-iconc801.css]
[brighter.techcraze.co.in/wp-content/plugins/tutor/assets/packages/plyr/plyrc801.css]
[brighter.techcraze.co.in/wp-content/plugins/tutor/assets/icons/font/tutor2eff.svg]
[brighter.techcraze.co.in/wp-content/plugins/tutor/assets/images/spinner.gif]
[brighter.techcraze.co.in/wp-content/plugins/tutor/assets/css/tutor-front.minc801.css]
[brighter.techcraze.co.in/wp-content/plugins/woocommerce/assets/css/woocommerce-layout6a4d.css]
[brighter.techcraze.co.in/wp-content/plugins/woocommerce/assets/css/woocommerce-smallscreen6a4d.css]
[brighter.techcraze.co.in/wp-content/plugins/woocommerce/assets/fonts/star.eot]
[brighter.techcraze.co.in/wp-content/plugins/woocommerce/assets/fonts/stard41d.eot]
[brighter.techcraze.co.in/wp-content/plugins/woocommerce/assets/fonts/star.woff]
[brighter.techcraze.co.in/wp-content/plugins/woocommerce/assets/fonts/star.ttf]
[brighter.techcraze.co.in/wp-content/plugins/woocommerce/assets/fonts/star.svg]
[brighter.techcraze.co.in/wp-content/plugins/woocommerce/assets/fonts/WooCommerce.eot]
[brighter.techcraze.co.in/wp-content/plugins/woocommerce/assets/fonts/WooCommerced41d.eot]
[brighter.techcraze.co.in/wp-content/plugins/woocommerce/assets/fonts/WooCommerce.woff]
[brighter.techcraze.co.in/wp-content/plugins/woocommerce/assets/fonts/WooCommerce.ttf]
[brighter.techcraze.co.in/wp-content/plugins/woocommerce/assets/fonts/WooCommerce.svg]
[brighter.techcraze.co.in/wp-content/plugins/woocommerce/assets/images/icons/loader.svg]
[brighter.techcraze.co.in/wp-content/plugins/woocommerce/assets/images/icons/credit-cards/visa.svg]
[brighter.techcraze.co.in/wp-content/plugins/woocommerce/assets/images/icons/credit-cards/mastercard.svg]
[brighter.techcraze.co.in/wp-content/plugins/woocommerce/assets/images/icons/credit-cards/laser.svg]
[brighter.techcraze.co.in/wp-content/plugins/woocommerce/assets/images/icons/credit-cards/diners.svg]
[brighter.techcraze.co.in/wp-content/plugins/woocommerce/assets/images/icons/credit-cards/maestro.svg]
[brighter.techcraze.co.in/wp-content/plugins/woocommerce/assets/images/icons/credit-cards/jcb.svg]
[brighter.techcraze.co.in/wp-content/plugins/woocommerce/assets/images/icons/credit-cards/amex.svg]
[brighter.techcraze.co.in/wp-content/plugins/woocommerce/assets/images/icons/credit-cards/discover.svg]
[brighter.techcraze.co.in/wp-content/plugins/woocommerce/assets/css/woocommerce6a4d.css]
[brighter.techcraze.co.in/wp-includes/css/buttons.min271b.css]
[brighter.techcraze.co.in/wp-includes/fonts/dashicons7d4b.eot]
[brighter.techcraze.co.in/wp-includes/css/dashicons.min271b.css]
[brighter.techcraze.co.in/wp-includes/fonts/dashicons7d4b.ttf]
[brighter.techcraze.co.in/wp-includes/js/mediaelement/mejs-controls.svg]
[brighter.techcraze.co.in/wp-includes/js/mediaelement/mediaelementplayer-legacy.min08e1.css]
[brighter.techcraze.co.in/wp-includes/js/mediaelement/wp-mediaelement.min271b.css]
[brighter.techcraze.co.in/wp-includes/images/uploader-icons.png]
[brighter.techcraze.co.in/wp-includes/images/spinner.gif]
[brighter.techcraze.co.in/wp-includes/images/uploader-icons-2x.png]
[brighter.techcraze.co.in/wp-includes/images/spinner-2x.gif]
[brighter.techcraze.co.in/wp-includes/css/media-views.min271b.css]
[brighter.techcraze.co.in/wp-includes/js/imgareaselect/border-anim-v.gif]
[brighter.techcraze.co.in/wp-includes/js/imgareaselect/border-anim-h.gif]
[brighter.techcraze.co.in/wp-includes/js/imgareaselect/imgareaselect3bf4.css]
[brighter.techcraze.co.in/wp-content/themes/docent/css/bootstrap.mindc98.css]
[brighter.techcraze.co.in/wp-content/themes/docent/css/woocommercedc98.css]
[brighter.techcraze.co.in/wp-content/themes/docent/fonts/fa-regular-400.eot]
[brighter.techcraze.co.in/wp-content/themes/docent/fonts/fa-regular-400d41d.eot]
[brighter.techcraze.co.in/wp-content/themes/docent/fonts/fa-regular-400.woff2]
[brighter.techcraze.co.in/wp-content/themes/docent/fonts/fa-regular-400.woff]
[brighter.techcraze.co.in/wp-content/themes/docent/fonts/fa-regular-400.ttf]
[brighter.techcraze.co.in/wp-content/themes/docent/fonts/fa-regular-400.svg]
[brighter.techcraze.co.in/wp-content/themes/docent/fonts/fa-solid-900.eot]
[brighter.techcraze.co.in/wp-content/themes/docent/fonts/fa-solid-900d41d.eot]
[brighter.techcraze.co.in/wp-content/themes/docent/fonts/fa-solid-900.woff2]
[brighter.techcraze.co.in/wp-content/themes/docent/fonts/fa-solid-900.woff]
[brighter.techcraze.co.in/wp-content/themes/docent/fonts/fa-solid-900.ttf]
[brighter.techcraze.co.in/wp-content/themes/docent/fonts/fa-solid-900.svg]
[brighter.techcraze.co.in/wp-content/themes/docent/fonts/fa-brands-400.eot]
[brighter.techcraze.co.in/wp-content/themes/docent/fonts/fa-brands-400d41d.eot]
[brighter.techcraze.co.in/wp-content/themes/docent/fonts/fa-brands-400.woff2]
[brighter.techcraze.co.in/wp-content/themes/docent/fonts/fa-brands-400.woff]
[brighter.techcraze.co.in/wp-content/themes/docent/fonts/fa-brands-400.ttf]
[brighter.techcraze.co.in/wp-content/themes/docent/css/fontawesome.mindc98.css]
[brighter.techcraze.co.in/wp-content/themes/docent/fonts/fa-brands-400.svg]
[brighter.techcraze.co.in/wp-content/themes/docent/images/404-bg.png]
[brighter.techcraze.co.in/wp-content/themes/docent/css/maindc98.css]
[brighter.techcraze.co.in/wp-content/themes/docent/css/responsivedc98.css]
[brighter.techcraze.co.in/wp-content/themes/docent/style271b.css]
[brighter.techcraze.co.in/wp-content/plugins/wp-pagebuilder/addons/posts/assets/css/posts-addon271b.css]
[brighter.techcraze.co.in/wp-content/plugins/wp-pagebuilder/assets/css/magnific-popupdc98.css]
[brighter.techcraze.co.in/wp-content/plugins/team-members/inc/css/tmm_style271b.css]
[brighter.techcraze.co.in/xmlrpc0db0.html]
[brighter.techcraze.co.in/wp-content/themes/docent/index.html]
[brighter.techcraze.co.in/wp-content/plugins/qubely/assets/js/common-script.min725d.js]
[brighter.techcraze.co.in/courses/feed/index.html]
[brighter.techcraze.co.in/courses/index8ff5.html]
[brighter.techcraze.co.in/wp-content/plugins/qubely/assets/js/interaction.min725d.js]
[brighter.techcraze.co.in/courses/index.html]
[brighter.techcraze.co.in/courses/index6f32.html]
[brighter.techcraze.co.in/student-registration/indexe37b.html]
[brighter.techcraze.co.in/courses/index2cda.html]
[brighter.techcraze.co.in/courses/index274e.html]
[brighter.techcraze.co.in/wp-json/wp/v2/pages/13.json]
[brighter.techcraze.co.in/wp-json/oembed/1.0/embed3a9a.json]
[brighter.techcraze.co.in/index2dc4.html]
[brighter.techcraze.co.in/dashboard/index.html]
[brighter.techcraze.co.in/wp-json/oembed/1.0/embed225f]
[brighter.techcraze.co.in/wp-json/wp/v2/pages/15.json]
[brighter.techcraze.co.in/student-registration/indexc6b7.html]
[brighter.techcraze.co.in/wp-json/oembed/1.0/embed7c4b.json]
[brighter.techcraze.co.in/indexa1ca.html]
[brighter.techcraze.co.in/instructor-registration/index.html]
[brighter.techcraze.co.in/wp-json/oembed/1.0/embedb3ed]
[brighter.techcraze.co.in/wp-json/wp/v2/pages/14.json]
[brighter.techcraze.co.in/student-registration/index97fa.html]
[brighter.techcraze.co.in/wp-json/oembed/1.0/embedc6cb.json]
[brighter.techcraze.co.in/index0b69.html]
[brighter.techcraze.co.in/student-registration/index.html]
[brighter.techcraze.co.in/wp-json/oembed/1.0/embed7ca1]
[brighter.techcraze.co.in/wp-json/wp/v2/pages/54.json]
[brighter.techcraze.co.in/student-registration/index5972.html]
[brighter.techcraze.co.in/indexcc0f.html]
[brighter.techcraze.co.in/wp-json/oembed/1.0/embedbb0e.json]
[brighter.techcraze.co.in/wp-json/oembed/1.0/embeda2ff]
[brighter.techcraze.co.in/wp-content/uploads/2021/05/DR-2.jpg]
[brighter.techcraze.co.in/wp-content/uploads/2021/05/Sakuntala.jpg]
[brighter.techcraze.co.in/wp-content/uploads/2021/05/ramya.jpg]
[brighter.techcraze.co.in/wp-content/uploads/2021/05/Sruthi-e1596730659412.jpg]
[brighter.techcraze.co.in/wp-content/uploads/2021/05/vaishnavi.jpg]
[brighter.techcraze.co.in/about-us/index.html]
[brighter.techcraze.co.in/wp-json/wp/v2/pages/3.json]
[brighter.techcraze.co.in/student-registration/indexe8a1.html]
[brighter.techcraze.co.in/wp-json/oembed/1.0/embed87f5.json]
[brighter.techcraze.co.in/index2207.html]
[brighter.techcraze.co.in/privacy-policy/index.html]
[brighter.techcraze.co.in/wp-json/oembed/1.0/embed6da6]
[brighter.techcraze.co.in/wp-includes/css/editor.min271b.css]
[brighter.techcraze.co.in/student-registration/index70a8.html]
[brighter.techcraze.co.in/refund-policy/feed/index.html]
[brighter.techcraze.co.in/wp-json/wp/v2/posts/68.json]
[brighter.techcraze.co.in/wp-json/oembed/1.0/embed419d.json]
[brighter.techcraze.co.in/index7ef4.html]
[brighter.techcraze.co.in/wp-json/oembed/1.0/embede8aa]
[brighter.techcraze.co.in/xmlrpc.php]
[brighter.techcraze.co.in/wp-admin/js/editor.min271b.js]
[brighter.techcraze.co.in/wp-includes/js/wplink.min271b.js]
[brighter.techcraze.co.in/author/brightadmin/index.html]
[brighter.techcraze.co.in/student-registration/index41f8.html]
[brighter.techcraze.co.in/wp-includes/js/jquery/ui/menu.min1dd9.js]
[brighter.techcraze.co.in/wp-includes/js/jquery/ui/autocomplete.min1dd9.js]
[brighter.techcraze.co.in/wp-includes/js/thickbox/thickboxab87.js]
[brighter.techcraze.co.in/wp-admin/js/media-upload.min271b.js]
[brighter.techcraze.co.in/refund-policy/index.html]
[brighter.techcraze.co.in/wp-json/wp/v2/posts/64.json]
[brighter.techcraze.co.in/terms-of-service/feed/index.html]
[brighter.techcraze.co.in/wp-json/oembed/1.0/embede17c.json]
[brighter.techcraze.co.in/index8cd4.html]
[brighter.techcraze.co.in/terms-of-service/index.html]
[brighter.techcraze.co.in/blog/index.html]
[brighter.techcraze.co.in/wp-json/oembed/1.0/embed8bb2]
[brighter.techcraze.co.in/student-registration/index1d91.html]
[brighter.techcraze.co.in/wp-json/wp/v2/courses/213.json]
[brighter.techcraze.co.in/wp-json/oembed/1.0/embeddf61.json]
[brighter.techcraze.co.in/indexf3dd.html]
[brighter.techcraze.co.in/wp-json/oembed/1.0/embed8538]
[brighter.techcraze.co.in/courses/international-mba-the-business-humanities-science-and-ethics-university-usa-bhseu/_https_/brighter.techcraze.co.in/wp-content/uploads/2021/07/Network-1-1-300x251.png_]
[brighter.techcraze.co.in/courses/international-mba-the-business-humanities-science-and-ethics-university-usa-bhseu/_https_/brighter.techcraze.co.in/wp-content/uploads/2021/07/Network-1-1-300x251.png]
[brighter.techcraze.co.in/wp-content/uploads/2021/07/Network-1-1-300x251.png]
[brighter.techcraze.co.in/courses/international-mba-the-business-humanities-science-and-ethics-university-usa-bhseu/index.html]
[brighter.techcraze.co.in/wp-content/uploads/2021/06/ielts-1.png]
[brighter.techcraze.co.in/profile/aimers/index.html]
[brighter.techcraze.co.in/index8ff5.html]
[brighter.techcraze.co.in/profile/aimers/index8ff5.html]
[brighter.techcraze.co.in/profile/aimers/index274e.html]
[brighter.techcraze.co.in/profile/aimers/index6f32.html]
[brighter.techcraze.co.in/profile/aimers/index2cda.html]
[brighter.techcraze.co.in/wp-json/wp/v2/courses/197.json]
[brighter.techcraze.co.in/cart/index.html]
[brighter.techcraze.co.in/wp-json/oembed/1.0/embed7f01.json]
[brighter.techcraze.co.in/index85b3.html]
[brighter.techcraze.co.in/wp-json/oembed/1.0/embeda23d]
[brighter.techcraze.co.in/courses/mondly/_https_/brighter.techcraze.co.in/wp-content/uploads/2021/06/mondly-300x112.png_]
[brighter.techcraze.co.in/courses/mondly/_https_/brighter.techcraze.co.in/wp-content/uploads/2021/06/mondly-300x112.png]
[brighter.techcraze.co.in/courses/mondly/_https_/brighter.techcraze.co.in/wp-content/uploads/2021/06/mondly2-300x157.png_]
[brighter.techcraze.co.in/courses/mondly/_https_/brighter.techcraze.co.in/wp-content/uploads/2021/06/mondly2-300x157.png]
[brighter.techcraze.co.in/wp-content/uploads/2021/06/mondly-300x112.png]
[brighter.techcraze.co.in/wp-content/uploads/2021/06/mondly2-300x157.png]
[brighter.techcraze.co.in/courses/mondly/index.html]
[brighter.techcraze.co.in/index2cda.html]
[brighter.techcraze.co.in/student-registration/indexceec.html]
[brighter.techcraze.co.in/wp-json/wp/v2/courses/188.json]
[brighter.techcraze.co.in/wp-json/oembed/1.0/embed2d7e.json]
[brighter.techcraze.co.in/index9e8b.html]
[brighter.techcraze.co.in/wp-json/oembed/1.0/embed9f6b]
[brighter.techcraze.co.in/courses/giim-usa-courses/_https_/www.globaliim.com/400-aim___img]
[brighter.techcraze.co.in/courses/giim-usa-courses/_https_/www.globaliim.com/400-aim_img]
[brighter.techcraze.co.in/courses/giim-usa-courses/_https_/brighter.techcraze.co.in/wp-content/uploads/2021/06/giim-registration-300x200.png_]
[brighter.techcraze.co.in/courses/giim-usa-courses/_https_/brighter.techcraze.co.in/wp-content/uploads/2021/06/giim-registration-300x200.png]
[brighter.techcraze.co.in/courses/giim-usa-courses/_https_/www.globaliim.com/400-aim__https_/www.globaliim.com/400-aim_/a__!--more--__]
[brighter.techcraze.co.in/courses/giim-usa-courses/_https_/www.globaliim.com/400-aim_https_/www.globaliim.com/400-aim/a!--more--]
[brighter.techcraze.co.in/wp-content/uploads/2021/06/giim-registration-300x200.png]
[brighter.techcraze.co.in/courses/giim-usa-courses/index.html]
[brighter.techcraze.co.in/course-category/education-exclusive-aim-educaiton/feed/index.html]
[brighter.techcraze.co.in/student-registration/indexa34b.html]
[brighter.techcraze.co.in/course-category/education-exclusive-aim-educaiton/index.html]
[brighter.techcraze.co.in/index274e.html]
[brighter.techcraze.co.in/wp-json/wp/v2/course-category/16.json]
[brighter.techcraze.co.in/course-category/education-exclusive-aim-educaiton/index274e.html]
[brighter.techcraze.co.in/wp-json/wp/v2/courses/160.json]
[brighter.techcraze.co.in/wp-json/oembed/1.0/embedb389.json]
[brighter.techcraze.co.in/index9c2b.html]
[brighter.techcraze.co.in/wp-json/oembed/1.0/embed3791]
[brighter.techcraze.co.in/courses/ielts/_https_/brighter.techcraze.co.in/wp-content/uploads/2021/05/ielts.png_]
[brighter.techcraze.co.in/courses/ielts/_https_/brighter.techcraze.co.in/wp-content/uploads/2021/05/ielts.png]
[brighter.techcraze.co.in/wp-content/uploads/2021/05/ielts.png]
[brighter.techcraze.co.in/courses/ielts/index.html]
[brighter.techcraze.co.in/index6f32.html]
[brighter.techcraze.co.in/wp-content/plugins/woocommerce/assets/css/photoswipe/photoswipe.min6a4d.css]
[brighter.techcraze.co.in/student-registration/index3e7b.html]
[brighter.techcraze.co.in/product/mba/feed/index.html]
[brighter.techcraze.co.in/wp-content/plugins/woocommerce/assets/css/photoswipe/default-skin/default-skin.min6a4d.css]
[brighter.techcraze.co.in/wp-content/plugins/woocommerce-gateway-stripe/assets/css/stripe-styles42c6.css]
[brighter.techcraze.co.in/wp-content/plugins/woocommerce/assets/js/frontend/tokenization-form.min6a4d.js]
[brighter.techcraze.co.in/wp-json/wp/v2/product/225.json]
[brighter.techcraze.co.in/wp-json/oembed/1.0/embed92fb.json]
[brighter.techcraze.co.in/indexfa80.html]
[brighter.techcraze.co.in/wp-json/oembed/1.0/embed1189]
[brighter.techcraze.co.in/wp-content/uploads/2021/06/giim-registration-300x300.png]
[brighter.techcraze.co.in/author/aimers/index.html]
[brighter.techcraze.co.in/wp-content/plugins/woocommerce/assets/js/zoom/jquery.zoom.minad95.js]
[brighter.techcraze.co.in/wp-content/plugins/woocommerce/assets/js/flexslider/jquery.flexslider.min0532.js]
[brighter.techcraze.co.in/product/mba/index2cda.html]
[brighter.techcraze.co.in/product/giim-usa-courses/index.html]
[brighter.techcraze.co.in/wp-content/plugins/woocommerce/assets/js/photoswipe/photoswipe.minab88.js]
[brighter.techcraze.co.in/product-category/uncategorized/index.html]
[brighter.techcraze.co.in/product/mba/index274e.html]
[brighter.techcraze.co.in/product/mba/index6f32.html]
[brighter.techcraze.co.in/student-registration/indexa1e7.html]
[brighter.techcraze.co.in/wp-content/plugins/woocommerce/assets/js/photoswipe/photoswipe-ui-default.minab88.js]
[brighter.techcraze.co.in/wp-content/plugins/woocommerce/assets/js/frontend/single-product.min6a4d.js]
[brighter.techcraze.co.in/wp-content/plugins/woocommerce-gateway-stripe/assets/js/stripe-payment-request.min42c6.js]
[brighter.techcraze.co.in/wp-content/plugins/woocommerce/assets/js/jquery-payment/jquery.payment.min596d.js]
[brighter.techcraze.co.in/wp-content/plugins/woocommerce-gateway-stripe/assets/js/stripe.min42c6.js]
[brighter.techcraze.co.in/product/mba/index.html]
[brighter.techcraze.co.in/wp-json/wp/v2/product/209.json]
[brighter.techcraze.co.in/product/mondly-language-learning/feed/index.html]
[brighter.techcraze.co.in/index4e6a.html]
[brighter.techcraze.co.in/wp-json/oembed/1.0/embeda283.json]
[brighter.techcraze.co.in/product/mondly-language-learning/index.html]
[brighter.techcraze.co.in/wp-json/oembed/1.0/embed4ff4]
[brighter.techcraze.co.in/product/mondly-language-learning/index274e.html]
[brighter.techcraze.co.in/product/mondly-language-learning/index8ff5.html]
[brighter.techcraze.co.in/student-registration/index836b.html]
[brighter.techcraze.co.in/product/mondly-language-learning/index6f32.html]
[brighter.techcraze.co.in/wp-json/wp/v2/product/207.json]
[brighter.techcraze.co.in/product/ielts-coaching/feed/index.html]
[brighter.techcraze.co.in/wp-json/oembed/1.0/embed6d8a.json]
[brighter.techcraze.co.in/indexeb91.html]
[brighter.techcraze.co.in/product/ielts-coaching/index.html]
[brighter.techcraze.co.in/wp-json/oembed/1.0/embedf995]
[brighter.techcraze.co.in/product/ielts-coaching/index274e.html]
[brighter.techcraze.co.in/product/ielts-coaching/index8ff5.html]
[brighter.techcraze.co.in/product/ielts-coaching/index2cda.html]
[brighter.techcraze.co.in/student-registration/index2af3.html]
[brighter.techcraze.co.in/wp-content/plugins/tutor/assets/packages/select2/select2.minc801.css]
[brighter.techcraze.co.in/wp-includes/js/jquery/ui/slider.min1dd9.js]
[brighter.techcraze.co.in/dashboard/retrieve-password/index.html]
[brighter.techcraze.co.in/student-registration/index6fc5.html]
[brighter.techcraze.co.in/wp-content/plugins/wp-pagebuilder/assets/css/images/ui-icons_444444_256x240.html]
[brighter.techcraze.co.in/wp-content/plugins/wp-pagebuilder/assets/css/images/ui-icons_555555_256x240.html]
[brighter.techcraze.co.in/wp-content/plugins/wp-pagebuilder/assets/css/images/ui-icons_ffffff_256x240.html]
[brighter.techcraze.co.in/wp-content/plugins/wp-pagebuilder/assets/css/images/ui-icons_777620_256x240.html]
[brighter.techcraze.co.in/wp-content/plugins/wp-pagebuilder/assets/css/images/ui-icons_cc0000_256x240.html]
[brighter.techcraze.co.in/wp-content/plugins/wp-pagebuilder/assets/css/images/ui-icons_777777_256x240.html]
[brighter.techcraze.co.in/wp-content/plugins/tutor/assets/packages/select2/select2.full.minc801.js]
[brighter.techcraze.co.in/wp-content/plugins/wp-pagebuilder/assets/fonts/fa-brands-400.svg]
[brighter.techcraze.co.in/wp-content/plugins/wp-pagebuilder/assets/fonts/fa-regular-400.svg]
[brighter.techcraze.co.in/wp-content/plugins/wp-pagebuilder/assets/fonts/fa-solid-900.svg]
[brighter.techcraze.co.in/wp-content/plugins/wp-pagebuilder/assets/fonts/WPPageBuilder5b9b.svg]
[brighter.techcraze.co.in/wp-content/plugins/tutor/assets/icons/font/tutor2eff.svg]
[brighter.techcraze.co.in/wp-content/plugins/woocommerce/assets/fonts/star.svg]
[brighter.techcraze.co.in/wp-content/plugins/woocommerce/assets/fonts/WooCommerce.svg]
[brighter.techcraze.co.in/wp-content/plugins/woocommerce/assets/images/icons/loader.svg]
[brighter.techcraze.co.in/wp-content/plugins/woocommerce/assets/images/icons/credit-cards/visa.svg]
[brighter.techcraze.co.in/wp-content/plugins/woocommerce/assets/images/icons/credit-cards/mastercard.svg]
[brighter.techcraze.co.in/wp-content/plugins/woocommerce/assets/images/icons/credit-cards/laser.svg]
[brighter.techcraze.co.in/wp-content/plugins/woocommerce/assets/images/icons/credit-cards/diners.svg]
[brighter.techcraze.co.in/wp-content/plugins/woocommerce/assets/images/icons/credit-cards/maestro.svg]
[brighter.techcraze.co.in/wp-content/plugins/woocommerce/assets/images/icons/credit-cards/jcb.svg]
[brighter.techcraze.co.in/wp-content/plugins/woocommerce/assets/images/icons/credit-cards/amex.svg]
[brighter.techcraze.co.in/wp-content/plugins/woocommerce/assets/images/icons/credit-cards/discover.svg]
[brighter.techcraze.co.in/wp-includes/js/mediaelement/mejs-controls.svg]
[brighter.techcraze.co.in/wp-content/themes/docent/fonts/fa-regular-400.svg]
[brighter.techcraze.co.in/wp-content/themes/docent/fonts/fa-solid-900.svg]
[brighter.techcraze.co.in/wp-content/themes/docent/fonts/fa-brands-400.svg]
[brighter.techcraze.co.in/wp-content/themes/docent/images/404-bg.html]
[brighter.techcraze.co.in/courses/index8ff5.html]
[brighter.techcraze.co.in/courses/index2cda.html]
[brighter.techcraze.co.in/wp-content/themes/docent/index.html]
[brighter.techcraze.co.in/courses/index274e.html]
[brighter.techcraze.co.in/courses/index6f32.html]
[brighter.techcraze.co.in/student-registration/indexe37b.html]
[brighter.techcraze.co.in/index2dc4.html]
[brighter.techcraze.co.in/student-registration/indexc6b7.html]
[brighter.techcraze.co.in/indexa1ca.html]
[brighter.techcraze.co.in/student-registration/index97fa.html]
[brighter.techcraze.co.in/index0b69.html]
[brighter.techcraze.co.in/student-registration/index5972.html]
[brighter.techcraze.co.in/indexcc0f.html]
[brighter.techcraze.co.in/student-registration/indexe8a1.html]
[brighter.techcraze.co.in/index2207.html]
[brighter.techcraze.co.in/student-registration/index70a8.html]
[brighter.techcraze.co.in/wp-includes/css/editor.min271b.css]
[brighter.techcraze.co.in/index7ef4.html]
[brighter.techcraze.co.in/xmlrpc.html]
[brighter.techcraze.co.in/author/brightadmin/feed/index.html]
[brighter.techcraze.co.in/wp-json/wp/v2/users/1.json]
[brighter.techcraze.co.in/wp-login0ddc.html]
[brighter.techcraze.co.in/2021/05/index.html]
[brighter.techcraze.co.in/wp-login.html]
[brighter.techcraze.co.in/author/brightadmin/index.html]
[brighter.techcraze.co.in/student-registration/index41f8.html]
[brighter.techcraze.co.in/index8cd4.html]
[brighter.techcraze.co.in/student-registration/index1d91.html]
[brighter.techcraze.co.in/indexf3dd.html]
[brighter.techcraze.co.in/courses/international-mba-the-business-humanities-science-and-ethics-university-usa-bhseu/_https_/brighter.techcraze.co.in/wp-content/uploads/2021/07/Network-1-1-300x251.html]
[brighter.techcraze.co.in/profile/aimers/index8ff5.html]
[brighter.techcraze.co.in/profile/aimers/index2cda.html]
[brighter.techcraze.co.in/profile/aimers/index274e.html]
[brighter.techcraze.co.in/profile/aimers/index6f32.html]
[brighter.techcraze.co.in/category/uncategorized/index.html]
[brighter.techcraze.co.in/wp-content/plugins/woocommerce/assets/css/select26a4d.css]
[brighter.techcraze.co.in/wp-content/plugins/woocommerce-gateway-stripe/assets/js/jquery.mask.min42c6.js]
[brighter.techcraze.co.in/wp-json/wp/v2/pages/9.json]
[brighter.techcraze.co.in/wp-json/oembed/1.0/embed9458.json]
[brighter.techcraze.co.in/indexb5fb.html]
[brighter.techcraze.co.in/wp-json/oembed/1.0/embed9863]
[brighter.techcraze.co.in/wp-content/plugins/woocommerce/assets/js/frontend/country-select.min6a4d.js]
[brighter.techcraze.co.in/cart/index8201.html]
[brighter.techcraze.co.in/wp-content/plugins/woocommerce/assets/js/frontend/address-i18n.min6a4d.js]
[brighter.techcraze.co.in/cart/index36d1.html]
[brighter.techcraze.co.in/wp-content/plugins/woocommerce/assets/js/frontend/cart.min6a4d.js]
[brighter.techcraze.co.in/cart/index577c.html]
[brighter.techcraze.co.in/cart/index1646.html]
[brighter.techcraze.co.in/cart/index.html]
[brighter.techcraze.co.in/index85b3.html]
[brighter.techcraze.co.in/courses/mondly/_https_/brighter.techcraze.co.in/wp-content/uploads/2021/06/mondly-300x112.html]
[brighter.techcraze.co.in/courses/mondly/_https_/brighter.techcraze.co.in/wp-content/uploads/2021/06/mondly2-300x157.html]
[brighter.techcraze.co.in/wp-content/plugins/woocommerce/assets/js/selectWoo/selectWoo.full.mina11f.js]
[brighter.techcraze.co.in/student-registration/indexceec.html]
[brighter.techcraze.co.in/index9e8b.html]
[brighter.techcraze.co.in/courses/giim-usa-courses/_https_/www.globaliim.com/400-aim_img.html]
[brighter.techcraze.co.in/courses/giim-usa-courses/_https_/brighter.techcraze.co.in/wp-content/uploads/2021/06/giim-registration-300x200.html]
[brighter.techcraze.co.in/courses/giim-usa-courses/_https_/www.globaliim.com/400-aim_https_/www.globaliim.com/400-aim/a!--more--.html]
[brighter.techcraze.co.in/student-registration/indexa34b.html]
[brighter.techcraze.co.in/course-category/education-exclusive-aim-educaiton/index274e.html]
[brighter.techcraze.co.in/index9c2b.html]
[brighter.techcraze.co.in/courses/ielts/_https_/brighter.techcraze.co.in/wp-content/uploads/2021/05/ielts.html]
[brighter.techcraze.co.in/student-registration/index3e7b.html]
[brighter.techcraze.co.in/product/mba/feed/index.html]
[brighter.techcraze.co.in/student-registration/index4d95.html]
[brighter.techcraze.co.in/wp-content/plugins/woocommerce/assets/css/photoswipe/default-skin/default-skin.png]
[brighter.techcraze.co.in/wp-content/plugins/woocommerce/assets/css/photoswipe/photoswipe.min6a4d.css]
[brighter.techcraze.co.in/checkout/index.html]
[brighter.techcraze.co.in/wp-content/plugins/woocommerce/assets/css/photoswipe/default-skin/default-skin.svg]
[brighter.techcraze.co.in/wp-content/plugins/woocommerce/assets/css/photoswipe/default-skin/preloader.gif]
[brighter.techcraze.co.in/wp-content/plugins/woocommerce/assets/css/photoswipe/default-skin/default-skin.min6a4d.css]
[brighter.techcraze.co.in/wp-content/plugins/woocommerce-gateway-stripe/assets/images/credit-card.svg]
[brighter.techcraze.co.in/wp-content/plugins/woocommerce-gateway-stripe/assets/images/visa.svg]
[brighter.techcraze.co.in/wp-content/plugins/woocommerce-gateway-stripe/assets/images/amex.svg]
[brighter.techcraze.co.in/wp-content/plugins/woocommerce-gateway-stripe/assets/images/diners.svg]
[brighter.techcraze.co.in/wp-content/plugins/woocommerce-gateway-stripe/assets/images/discover.svg]
[brighter.techcraze.co.in/wp-content/plugins/woocommerce-gateway-stripe/assets/images/jcb.svg]
[brighter.techcraze.co.in/wp-content/plugins/woocommerce-gateway-stripe/assets/images/maestro.svg]
[brighter.techcraze.co.in/wp-content/plugins/woocommerce-gateway-stripe/assets/images/mastercard.svg]
[brighter.techcraze.co.in/wp-content/plugins/woocommerce-gateway-stripe/assets/css/stripe-styles42c6.css]
[brighter.techcraze.co.in/indexfa80.html]
[brighter.techcraze.co.in/wp-content/uploads/2021/05/ielts.jpg]
[brighter.techcraze.co.in/author/aimers/index.html]
[brighter.techcraze.co.in/wp-json/wp/v2/users/3.json]
[brighter.techcraze.co.in/author/aimers/feed/index.html]
[brighter.techcraze.co.in/product-category/uncategorized/index.html]
[brighter.techcraze.co.in/wp-json/wp/v2/product_cat/15.json]
[brighter.techcraze.co.in/product-category/uncategorized/index6f32.html]
[brighter.techcraze.co.in/product-category/uncategorized/index274e.html]
[brighter.techcraze.co.in/product/mba/index2cda.html]
[brighter.techcraze.co.in/product-category/uncategorized/index8ff5.html]
[brighter.techcraze.co.in/product-category/uncategorized/feed/index.html]
[brighter.techcraze.co.in/product-category/uncategorized/index2cda.html]
[brighter.techcraze.co.in/student-registration/indexe339.html]
[brighter.techcraze.co.in/wp-json/wp/v2/product/205.json]
[brighter.techcraze.co.in/product/giim-usa-courses/feed/index.html]
[brighter.techcraze.co.in/wp-json/oembed/1.0/embed6529.json]
[brighter.techcraze.co.in/indexc140.html]
[brighter.techcraze.co.in/wp-json/oembed/1.0/embedf603]
[brighter.techcraze.co.in/wp-content/uploads/2021/06/giim-registration-600x400.png]
[brighter.techcraze.co.in/product/giim-usa-courses/index.html]
[brighter.techcraze.co.in/product/mba/index274e.html]
[brighter.techcraze.co.in/product/mba/index6f32.html]
[brighter.techcraze.co.in/product/giim-usa-courses/index2cda.html]
[brighter.techcraze.co.in/product/giim-usa-courses/index8ff5.html]
[brighter.techcraze.co.in/student-registration/indexa1e7.html]
[brighter.techcraze.co.in/product/mondly-language-learning/feed/index.html]
[brighter.techcraze.co.in/index4e6a.html]
[brighter.techcraze.co.in/product/mondly-language-learning/index274e.html]
[brighter.techcraze.co.in/product/mondly-language-learning/index8ff5.html]
[brighter.techcraze.co.in/product/mondly-language-learning/index6f32.html]
[brighter.techcraze.co.in/student-registration/index836b.html]
[brighter.techcraze.co.in/product/ielts-coaching/feed/index.html]
[brighter.techcraze.co.in/indexeb91.html]
[brighter.techcraze.co.in/product/ielts-coaching/index274e.html]
[brighter.techcraze.co.in/product/giim-usa-courses/index6f32.html]
[brighter.techcraze.co.in/product/ielts-coaching/index8ff5.html]
[brighter.techcraze.co.in/product/ielts-coaching/index2cda.html]
[brighter.techcraze.co.in/student-registration/index2af3.html]
[brighter.techcraze.co.in/wp-content/plugins/tutor/assets/packages/select2/select2.minc801.css]
[brighter.techcraze.co.in/wp-content/themes/docent/index.html]
[brighter.techcraze.co.in/2021/05/index.html]
[brighter.techcraze.co.in/student-registration/indexba90.html]
[brighter.techcraze.co.in/category/uncategorized/feed/index.html]
[brighter.techcraze.co.in/category/uncategorized/index.html]
[brighter.techcraze.co.in/wp-json/wp/v2/categories/1.json]
[brighter.techcraze.co.in/wp-admin/css/forms.min271b.css]
[brighter.techcraze.co.in/wp-admin/css/l10n.min271b.css]
[brighter.techcraze.co.in/wp-admin/css/login.min271b.css]
[brighter.techcraze.co.in/wp-content/uploads/2021/05/cropped-cropped-brighter-skills-heading-270x270.png]
[brighter.techcraze.co.in/wp-loginc2b6.html]
[brighter.techcraze.co.in/wp-login0ddc.html]
[brighter.techcraze.co.in/wp-includes/js/zxcvbn-async.min5152.js]
[brighter.techcraze.co.in/wp-admin/js/password-strength-meter.min271b.js]
[brighter.techcraze.co.in/wp-admin/js/user-profile.min271b.js]
[brighter.techcraze.co.in/wp-login.html]
[brighter.techcraze.co.in/wp-content/plugins/woocommerce/assets/css/select26a4d.css]
[brighter.techcraze.co.in/indexb5fb.html]
[brighter.techcraze.co.in/cart/index8201.html]
[brighter.techcraze.co.in/cart/index36d1.html]
[brighter.techcraze.co.in/cart/index577c.html]
[brighter.techcraze.co.in/cart/index1646.html]
[brighter.techcraze.co.in/checkout/index.html]
[brighter.techcraze.co.in/student-registration/index4d95.html]
[brighter.techcraze.co.in/wp-content/plugins/woocommerce/assets/css/photoswipe/default-skin/default-skin.svg]
[brighter.techcraze.co.in/wp-content/plugins/woocommerce-gateway-stripe/assets/images/credit-card.svg]
[brighter.techcraze.co.in/wp-content/plugins/woocommerce-gateway-stripe/assets/images/visa.svg]
[brighter.techcraze.co.in/wp-content/plugins/woocommerce-gateway-stripe/assets/images/amex.svg]
[brighter.techcraze.co.in/wp-content/plugins/woocommerce-gateway-stripe/assets/images/diners.svg]
[brighter.techcraze.co.in/wp-content/plugins/woocommerce-gateway-stripe/assets/images/discover.svg]
[brighter.techcraze.co.in/wp-content/plugins/woocommerce-gateway-stripe/assets/images/jcb.svg]
[brighter.techcraze.co.in/wp-content/plugins/woocommerce-gateway-stripe/assets/images/maestro.svg]
[brighter.techcraze.co.in/wp-content/plugins/woocommerce-gateway-stripe/assets/images/mastercard.svg]
[brighter.techcraze.co.in/product-category/uncategorized/index274e.html]
[brighter.techcraze.co.in/product-category/uncategorized/index6f32.html]
[brighter.techcraze.co.in/product-category/uncategorized/index8ff5.html]
[brighter.techcraze.co.in/product-category/uncategorized/index2cda.html]
[brighter.techcraze.co.in/student-registration/indexe339.html]
[brighter.techcraze.co.in/product/giim-usa-courses/feed/index.html]
[brighter.techcraze.co.in/indexc140.html]
[brighter.techcraze.co.in/product/giim-usa-courses/index2cda.html]
[brighter.techcraze.co.in/product/giim-usa-courses/index8ff5.html]
[brighter.techcraze.co.in/product/giim-usa-courses/index6f32.html]
[brighter.techcraze.co.in/student-registration/indexba90.html]
[brighter.techcraze.co.in/wp-admin/images/loading.gif]
[brighter.techcraze.co.in/wp-admin/css/forms.min271b.css]
[brighter.techcraze.co.in/wp-admin/css/l10n.min271b.css]
[brighter.techcraze.co.in/cart/indexaafe.html]
[brighter.techcraze.co.in/wp-admin/images/w-logo-blue7a53.png]
[brighter.techcraze.co.in/wp-admin/images/wordpress-logo7d6b.svg]
[brighter.techcraze.co.in/wp-admin/css/login.min271b.css]
[brighter.techcraze.co.in/wp-loginc2b6.html]
[brighter.techcraze.co.in/cart/indexaafe.html]
[brighter.techcraze.co.in/wp-admin/images/wordpress-logo7d6b.svg]
